client/components/LmsrBetModal.tsx(59,15): error TS2339: Property 'holdings' does not exist on type 'User'.
client/components/LmsrBetModal.tsx(60,31): error TS2339: Property 'holdings' does not exist on type 'User'.
client/components/LmsrBetModal.tsx(69,59): error TS2339: Property 'holdings' does not exist on type 'User'.
